<html>
<body>
<pre>
<h1>µVision Build Log</h1>
<h2>Tool Versions:</h2>
IDE-Version: ¦ÌVision V5.21.1.0
Copyright (C) 2016 ARM Ltd and ARM Germany GmbH. All rights reserved.
License Information: mercer mercer, mercer, LIC=60DWF-6AP6B-VS5Y3-AU909-AWNZ3-A22MF
 
Tool Versions:
Toolchain:       MDK-ARM Basic (256K)  Version: 5.21a
Toolchain Path:  D:\Program Files (x86)\keil_v5\ARM\ARMCC\Bin
C Compiler:      Armcc.exe V5.06 update 3 (build 300)
Assembler:       Armasm.exe V5.06 update 3 (build 300)
Linker/Locator:  ArmLink.exe V5.06 update 3 (build 300)
Library Manager: ArmAr.exe V5.06 update 3 (build 300)
Hex Converter:   FromElf.exe V5.06 update 3 (build 300)
CPU DLL:         SARMCM3.DLL V5.21a
Dialog DLL:      DCM.DLL V1.13.8.0
Target DLL:      STLink\ST-LINKIII-KEIL_SWO.dll V2.0.18.0
Dialog DLL:      TCM.DLL V1.14.14.0
 
<h2>Project:</h2>
E:\cubeMX_file\interrupt\MDK-ARM\interrupt.uvprojx
Project File Date:  08/22/2020

<h2>Output:</h2>
*** Using Compiler 'V5.06 update 3 (build 300)', folder: 'D:\Program Files (x86)\keil_v5\ARM\ARMCC\Bin'
Build target 'interrupt'
compiling main.c...
linking...
Program Size: Code=4388 RO-data=476 RW-data=16 ZI-data=1088  
FromELF: creating hex file...
"interrupt\interrupt.axf" - 0 Error(s), 0 Warning(s).

<h2>Software Packages used:</h2>

Package Vendor: ARM
                http://www.keil.com/pack/ARM.CMSIS.4.5.0.pack
                ARM::CMSIS:CORE:4.3.0
                CMSIS (Cortex Microcontroller Software Interface Standard)
   * Component: CORE Version: 4.3.0

<h2>Collection of Component include folders:</h2>
  E:\cubeMX_file\interrupt\MDK-ARM\RTE
  D:\Program Files (x86)\keil_v5\ARM\PACK\ARM\CMSIS\4.5.0\CMSIS\Include
  D:\Program Files (x86)\keil_v5\ARM\PACK\Keil\STM32F4xx_DFP\2.9.0\Drivers\CMSIS\Device\ST\STM32F4xx\Include

<h2>Collection of Component Files used:</h2>

   * Component: ARM::CMSIS:CORE:4.3.0
Build Time Elapsed:  00:00:03
</pre>
</body>
</html>
